smartctl 6.6 2017-11-05 r4594 [i686-w64-mingw32-w10-1703(64)] (sf-6.6-1)
Copyright (C) 2002-17, Bruce Allen, Christian Franke, www.smartmontools.org

=== START OF INFORMATION SECTION ===
Model Family:     SandForce Driven SSDs
Device Model:     KINGSTON SV300S37A120G
Serial Number:    50026B774A0106E9
LU WWN Device Id: 5 0026b7 74a0106e9
Firmware Version: 583ABBF0
User Capacity:    120,034,123,776 bytes [120 GB]
Sector Size:      512 bytes logical/physical
Rotation Rate:    Solid State Device
Device is:        In smartctl database [for details use: -P show]
ATA Version is:   ATA8-ACS, ACS-2 T13/2015-D revision 3
SATA Version is:  SATA 3.0, 6.0 Gb/s (current: 6.0 Gb/s)
Local Time is:    Sat Feb 10 13:48:43 2018 EST
SMART support is: Available - device has SMART capability.
SMART support is: Enabled
AAM feature is:   Unavailable
APM level is:     254 (maximum performance)
Rd look-ahead is: Unavailable
Write cache is:   Enabled
DSN feature is:   Unavailable
ATA Security is:  Disabled, frozen [SEC2]
Wt Cache Reorder: Unavailable

=== START OF READ SMART DATA SECTION ===
SMART overall-health self-assessment test result: PASSED

General SMART Values:
Offline data collection status:  (0x00)	Offline data collection activity
					was never started.
					Auto Offline Data Collection: Disabled.
Self-test execution status:      (   0)	The previous self-test routine completed
					without error or no self-test has ever 
					been run.
Total time to complete Offline 
data collection: 		(    0) seconds.
Offline data collection
capabilities: 			 (0x7d) SMART execute Offline immediate.
					No Auto Offline data collection support.
					Abort Offline collection upon new
					command.
					Offline surface scan supported.
					Self-test supported.
					Conveyance Self-test supported.
					Selective Self-test supported.
SMART capabilities:            (0x0003)	Saves SMART data before entering
					power-saving mode.
					Supports SMART auto save timer.
Error logging capability:        (0x01)	Error logging supported.
					General Purpose Logging supported.
Short self-test routine 
recommended polling time: 	 (   1) minutes.
Extended self-test routine
recommended polling time: 	 (  48) minutes.
Conveyance self-test routine
recommended polling time: 	 (   2) minutes.
SCT capabilities: 	       (0x0025)	SCT Status supported.
					SCT Data Table supported.

SMART Attributes Data Structure revision number: 10
Vendor Specific SMART Attributes with Thresholds:
ID# ATTRIBUTE_NAME          FLAGS    VALUE WORST THRESH FAIL RAW_VALUE
  1 Raw_Read_Error_Rate     -O--CK   095   095   050    -    1/4099452
  5 Retired_Block_Count     PO--CK   100   100   003    -    0
  9 Power_On_Hours_and_Msec -O--CK   095   095   000    -    5056h+27m+05.880s
 12 Power_Cycle_Count       -O--CK   100   100   000    -    886
171 Program_Fail_Count      -O-R--   100   100   000    -    0
172 Erase_Fail_Count        -O--CK   100   100   000    -    0
174 Unexpect_Power_Loss_Ct  ----CK   000   000   000    -    580
177 Wear_Range_Delta        ------   000   000   000    -    98
181 Program_Fail_Count      -O-R--   100   100   000    -    0
182 Erase_Fail_Count        -O--CK   100   100   000    -    0
187 Reported_Uncorrect      -O--C-   100   100   000    -    0
189 Airflow_Temperature_Cel ------   037   044   000    -    37 (Min/Max 7/44)
194 Temperature_Celsius     -O---K   037   044   000    -    37 (Min/Max 7/44)
195 ECC_Uncorr_Error_Count  --SRC-   100   100   000    -    1/4099452
196 Reallocated_Event_Count PO--CK   100   100   003    -    0
201 Unc_Soft_Read_Err_Rate  --SRC-   100   100   000    -    1/4099452
204 Soft_ECC_Correct_Rate   --SRC-   100   100   000    -    1/4099452
230 Life_Curve_Status       PO--C-   100   100   000    -    100
231 SSD_Life_Left           PO--C-   098   098   010    -    8589934593
233 SandForce_Internal      -O--CK   000   000   000    -    3267
234 SandForce_Internal      -O--CK   000   000   000    -    4863
241 Lifetime_Writes_GiB     -O--CK   000   000   000    -    4863
242 Lifetime_Reads_GiB      -O--CK   000   000   000    -    6247
                            ||||||_ K auto-keep
                            |||||__ C event count
                            ||||___ R error rate
                            |||____ S speed/performance
                            ||_____ O updated online
                            |______ P prefailure warning

General Purpose Log Directory Version 1
SMART           Log Directory Version 1 [multi-sector log support]
Address    Access  R/W   Size  Description
0x00       GPL,SL  R/O      1  Log Directory
0x04       GPL,SL  R/O     16  Device Statistics log
0x06           SL  R/O      1  SMART self-test log
0x07       GPL     R/O      1  Extended self-test log
0x09           SL  R/W      1  Selective self-test log
0x10       GPL     R/O      1  NCQ Command Error log
0x11       GPL     R/O      1  SATA Phy Event Counters log
0x80-0x9f  GPL,SL  R/W     16  Host vendor specific log
0xb7       GPL,SL  VS      16  Device vendor specific log
0xe0       GPL,SL  R/W      1  SCT Command/Status
0xe1       GPL,SL  R/W      1  SCT Data Transfer

SMART Extended Comprehensive Error Log (GP Log 0x03) not supported

SMART Error Log not supported

SMART Extended Self-test Log Version: 1 (1 sectors)
No self-tests have been logged.  [To run self-tests, use: smartctl -t]

SMART Selective self-test log data structure revision number 1
 SPAN  MIN_LBA  MAX_LBA  CURRENT_TEST_STATUS
    1        0        0  Not_testing
    2        0        0  Not_testing
    3        0        0  Not_testing
    4        0        0  Not_testing
    5        0        0  Not_testing
Selective self-test flags (0x0):
  After scanning selected spans, do NOT read-scan remainder of disk.
If Selective self-test is pending on power-up, resume after 0 minute delay.

SCT Status Version:                  3
SCT Version (vendor specific):       0 (0x0000)
SCT Support Level:                   1
Device State:                        Active (0)
Current Temperature:                    37 Celsius
Power Cycle Min/Max Temperature:      7/44 Celsius
Lifetime    Min/Max Temperature:      7/82 Celsius
Under/Over Temperature Limit Count:   0/0

SCT Temperature History Version:     2
Temperature Sampling Period:         1 minute
Temperature Logging Interval:        10 minutes
Min/Max recommended Temperature:      0/70 Celsius
Min/Max Temperature Limit:            0/85 Celsius
Temperature History Size (Index):    478 (341)

Index    Estimated Time   Temperature Celsius
 342    2018-02-07 06:10    34  ***************
 343    2018-02-07 06:20    35  ****************
 344    2018-02-07 06:30    25  ******
 345    2018-02-07 06:40    32  *************
 346    2018-02-07 06:50    34  ***************
 347    2018-02-07 07:00    33  **************
 348    2018-02-07 07:10    35  ****************
 349    2018-02-07 07:20    35  ****************
 350    2018-02-07 07:30    35  ****************
 351    2018-02-07 07:40    36  *****************
 352    2018-02-07 07:50    35  ****************
 353    2018-02-07 08:00    35  ****************
 354    2018-02-07 08:10    35  ****************
 355    2018-02-07 08:20    36  *****************
 356    2018-02-07 08:30    36  *****************
 357    2018-02-07 08:40    36  *****************
 358    2018-02-07 08:50    34  ***************
 359    2018-02-07 09:00    35  ****************
 360    2018-02-07 09:10    36  *****************
 361    2018-02-07 09:20    35  ****************
 362    2018-02-07 09:30    36  *****************
 363    2018-02-07 09:40     ?  -
 364    2018-02-07 09:50    37  ******************
 365    2018-02-07 10:00    36  *****************
 366    2018-02-07 10:10    35  ****************
 367    2018-02-07 10:20    36  *****************
 368    2018-02-07 10:30    36  *****************
 369    2018-02-07 10:40    35  ****************
 370    2018-02-07 10:50    35  ****************
 371    2018-02-07 11:00    35  ****************
 372    2018-02-07 11:10    36  *****************
 373    2018-02-07 11:20    36  *****************
 374    2018-02-07 11:30    35  ****************
 375    2018-02-07 11:40    36  *****************
 376    2018-02-07 11:50    35  ****************
 ...    ..(  7 skipped).    ..  ****************
 384    2018-02-07 13:10    35  ****************
 385    2018-02-07 13:20     ?  -
 386    2018-02-07 13:30    24  *****
 387    2018-02-07 13:40    26  *******
 388    2018-02-07 13:50    28  *********
 389    2018-02-07 14:00    29  **********
 390    2018-02-07 14:10    30  ***********
 391    2018-02-07 14:20    32  *************
 392    2018-02-07 14:30    30  ***********
 393    2018-02-07 14:40    31  ************
 394    2018-02-07 14:50    30  ***********
 395    2018-02-07 15:00    31  ************
 396    2018-02-07 15:10    31  ************
 397    2018-02-07 15:20    31  ************
 398    2018-02-07 15:30    30  ***********
 ...    ..(  3 skipped).    ..  ***********
 402    2018-02-07 16:10    30  ***********
 403    2018-02-07 16:20    31  ************
 404    2018-02-07 16:30    30  ***********
 405    2018-02-07 16:40    30  ***********
 406    2018-02-07 16:50    30  ***********
 407    2018-02-07 17:00    29  **********
 ...    ..(  4 skipped).    ..  **********
 412    2018-02-07 17:50    29  **********
 413    2018-02-07 18:00    30  ***********
 414    2018-02-07 18:10    31  ************
 415    2018-02-07 18:20    33  **************
 416    2018-02-07 18:30     ?  -
 ...    ..(  3 skipped).    ..  -
 420    2018-02-07 19:10     ?  -
 421    2018-02-07 19:20    24  *****
 422    2018-02-07 19:30     ?  -
 423    2018-02-07 19:40    26  *******
 424    2018-02-07 19:50     ?  -
 425    2018-02-07 20:00    27  ********
 426    2018-02-07 20:10    29  **********
 427    2018-02-07 20:20    29  **********
 428    2018-02-07 20:30    30  ***********
 429    2018-02-07 20:40    30  ***********
 430    2018-02-07 20:50    30  ***********
 431    2018-02-07 21:00    29  **********
 432    2018-02-07 21:10    30  ***********
 433    2018-02-07 21:20    31  ************
 434    2018-02-07 21:30    32  *************
 ...    ..(  8 skipped).    ..  *************
 443    2018-02-07 23:00    32  *************
 444    2018-02-07 23:10    33  **************
 445    2018-02-07 23:20    33  **************
 446    2018-02-07 23:30    33  **************
 447    2018-02-07 23:40    32  *************
 ...    ..( 14 skipped).    ..  *************
 462    2018-02-08 02:10    32  *************
 463    2018-02-08 02:20     ?  -
 464    2018-02-08 02:30    23  ****
 465    2018-02-08 02:40    27  ********
 466    2018-02-08 02:50    30  ***********
 467    2018-02-08 03:00    31  ************
 468    2018-02-08 03:10    33  **************
 469    2018-02-08 03:20    32  *************
 470    2018-02-08 03:30    33  **************
 ...    ..(  2 skipped).    ..  **************
 473    2018-02-08 04:00    33  **************
 474    2018-02-08 04:10    32  *************
 475    2018-02-08 04:20    33  **************
 ...    ..(  4 skipped).    ..  **************
   2    2018-02-08 05:10    33  **************
   3    2018-02-08 05:20    34  ***************
 ...    ..( 12 skipped).    ..  ***************
  16    2018-02-08 07:30    34  ***************
  17    2018-02-08 07:40     ?  -
  18    2018-02-08 07:50    22  ***
  19    2018-02-08 08:00    26  *******
  20    2018-02-08 08:10    28  *********
  21    2018-02-08 08:20    30  ***********
  22    2018-02-08 08:30    31  ************
  23    2018-02-08 08:40    32  *************
  24    2018-02-08 08:50    32  *************
  25    2018-02-08 09:00    32  *************
  26    2018-02-08 09:10    31  ************
  27    2018-02-08 09:20    31  ************
  28    2018-02-08 09:30    32  *************
 ...    ..( 11 skipped).    ..  *************
  40    2018-02-08 11:30    32  *************
  41    2018-02-08 11:40    33  **************
  42    2018-02-08 11:50    33  **************
  43    2018-02-08 12:00    33  **************
  44    2018-02-08 12:10    32  *************
  45    2018-02-08 12:20    32  *************
  46    2018-02-08 12:30    33  **************
  47    2018-02-08 12:40     ?  -
  48    2018-02-08 12:50    28  *********
  49    2018-02-08 13:00     ?  -
  50    2018-02-08 13:10    26  *******
  51    2018-02-08 13:20    29  **********
  52    2018-02-08 13:30    31  ************
  53    2018-02-08 13:40    32  *************
  54    2018-02-08 13:50    33  **************
  55    2018-02-08 14:00    33  **************
  56    2018-02-08 14:10    34  ***************
  57    2018-02-08 14:20    34  ***************
  58    2018-02-08 14:30    33  **************
  59    2018-02-08 14:40    33  **************
  60    2018-02-08 14:50    33  **************
  61    2018-02-08 15:00    34  ***************
 ...    ..(  3 skipped).    ..  ***************
  65    2018-02-08 15:40    34  ***************
  66    2018-02-08 15:50    35  ****************
  67    2018-02-08 16:00    34  ***************
  68    2018-02-08 16:10    34  ***************
  69    2018-02-08 16:20    34  ***************
  70    2018-02-08 16:30    35  ****************
  71    2018-02-08 16:40    35  ****************
  72    2018-02-08 16:50    34  ***************
  73    2018-02-08 17:00    34  ***************
  74    2018-02-08 17:10    34  ***************
  75    2018-02-08 17:20    35  ****************
 ...    ..(  2 skipped).    ..  ****************
  78    2018-02-08 17:50    35  ****************
  79    2018-02-08 18:00    34  ***************
  80    2018-02-08 18:10    35  ****************
 ...    ..(  3 skipped).    ..  ****************
  84    2018-02-08 18:50    35  ****************
  85    2018-02-08 19:00     ?  -
  86    2018-02-08 19:10     ?  -
  87    2018-02-08 19:20     ?  -
  88    2018-02-08 19:30    24  *****
  89    2018-02-08 19:40    30  ***********
  90    2018-02-08 19:50    32  *************
  91    2018-02-08 20:00    34  ***************
  92    2018-02-08 20:10    34  ***************
  93    2018-02-08 20:20    33  **************
  94    2018-02-08 20:30    33  **************
  95    2018-02-08 20:40    35  ****************
  96    2018-02-08 20:50    34  ***************
  97    2018-02-08 21:00    35  ****************
 ...    ..(  3 skipped).    ..  ****************
 101    2018-02-08 21:40    35  ****************
 102    2018-02-08 21:50    34  ***************
 ...    ..(  6 skipped).    ..  ***************
 109    2018-02-08 23:00    34  ***************
 110    2018-02-08 23:10    35  ****************
 111    2018-02-08 23:20    37  ******************
 112    2018-02-08 23:30    36  *****************
 113    2018-02-08 23:40    36  *****************
 114    2018-02-08 23:50    35  ****************
 115    2018-02-09 00:00    34  ***************
 116    2018-02-09 00:10    35  ****************
 117    2018-02-09 00:20    35  ****************
 118    2018-02-09 00:30    34  ***************
 119    2018-02-09 00:40     ?  -
 120    2018-02-09 00:50    35  ****************
 121    2018-02-09 01:00    35  ****************
 122    2018-02-09 01:10    35  ****************
 123    2018-02-09 01:20    36  *****************
 ...    ..(  2 skipped).    ..  *****************
 126    2018-02-09 01:50    36  *****************
 127    2018-02-09 02:00    35  ****************
 ...    ..(  3 skipped).    ..  ****************
 131    2018-02-09 02:40    35  ****************
 132    2018-02-09 02:50    36  *****************
 133    2018-02-09 03:00    34  ***************
 134    2018-02-09 03:10    34  ***************
 135    2018-02-09 03:20    35  ****************
 136    2018-02-09 03:30    35  ****************
 137    2018-02-09 03:40    36  *****************
 138    2018-02-09 03:50     ?  -
 139    2018-02-09 04:00     ?  -
 140    2018-02-09 04:10    35  ****************
 ...    ..(  2 skipped).    ..  ****************
 143    2018-02-09 04:40    35  ****************
 144    2018-02-09 04:50    34  ***************
 145    2018-02-09 05:00    35  ****************
 146    2018-02-09 05:10    35  ****************
 147    2018-02-09 05:20    35  ****************
 148    2018-02-09 05:30    36  *****************
 149    2018-02-09 05:40    36  *****************
 150    2018-02-09 05:50    35  ****************
 151    2018-02-09 06:00    36  *****************
 152    2018-02-09 06:10     ?  -
 153    2018-02-09 06:20    24  *****
 154    2018-02-09 06:30    28  *********
 155    2018-02-09 06:40    30  ***********
 156    2018-02-09 06:50    31  ************
 157    2018-02-09 07:00    31  ************
 158    2018-02-09 07:10    32  *************
 159    2018-02-09 07:20    33  **************
 160    2018-02-09 07:30     ?  -
 161    2018-02-09 07:40    35  ****************
 162    2018-02-09 07:50    33  **************
 163    2018-02-09 08:00    34  ***************
 ...    ..(  2 skipped).    ..  ***************
 166    2018-02-09 08:30    34  ***************
 167    2018-02-09 08:40     ?  -
 168    2018-02-09 08:50    23  ****
 169    2018-02-09 09:00    26  *******
 170    2018-02-09 09:10    27  ********
 171    2018-02-09 09:20    29  **********
 172    2018-02-09 09:30    28  *********
 173    2018-02-09 09:40    28  *********
 174    2018-02-09 09:50    29  **********
 175    2018-02-09 10:00    30  ***********
 176    2018-02-09 10:10    29  **********
 177    2018-02-09 10:20    29  **********
 178    2018-02-09 10:30    28  *********
 179    2018-02-09 10:40    28  *********
 180    2018-02-09 10:50    29  **********
 ...    ..(  3 skipped).    ..  **********
 184    2018-02-09 11:30    29  **********
 185    2018-02-09 11:40    28  *********
 186    2018-02-09 11:50    28  *********
 187    2018-02-09 12:00    28  *********
 188    2018-02-09 12:10    27  ********
 189    2018-02-09 12:20    26  *******
 190    2018-02-09 12:30    27  ********
 ...    ..(  6 skipped).    ..  ********
 197    2018-02-09 13:40    27  ********
 198    2018-02-09 13:50    28  *********
 199    2018-02-09 14:00    28  *********
 200    2018-02-09 14:10     ?  -
 201    2018-02-09 14:20    26  *******
 202    2018-02-09 14:30    29  **********
 203    2018-02-09 14:40     ?  -
 204    2018-02-09 14:50    28  *********
 205    2018-02-09 15:00    32  *************
 206    2018-02-09 15:10    35  ****************
 207    2018-02-09 15:20    35  ****************
 208    2018-02-09 15:30    34  ***************
 209    2018-02-09 15:40    35  ****************
 ...    ..(  4 skipped).    ..  ****************
 214    2018-02-09 16:30    35  ****************
 215    2018-02-09 16:40    36  *****************
 216    2018-02-09 16:50     ?  -
 217    2018-02-09 17:00    37  ******************
 218    2018-02-09 17:10    36  *****************
 219    2018-02-09 17:20    35  ****************
 220    2018-02-09 17:30    36  *****************
 221    2018-02-09 17:40    35  ****************
 222    2018-02-09 17:50    35  ****************
 223    2018-02-09 18:00    36  *****************
 224    2018-02-09 18:10    37  ******************
 225    2018-02-09 18:20    37  ******************
 226    2018-02-09 18:30    36  *****************
 227    2018-02-09 18:40    37  ******************
 228    2018-02-09 18:50    37  ******************
 229    2018-02-09 19:00    36  *****************
 230    2018-02-09 19:10    36  *****************
 231    2018-02-09 19:20    35  ****************
 232    2018-02-09 19:30    36  *****************
 233    2018-02-09 19:40    37  ******************
 234    2018-02-09 19:50     ?  -
 235    2018-02-09 20:00    10  -
 236    2018-02-09 20:10    21  **
 237    2018-02-09 20:20     ?  -
 238    2018-02-09 20:30    19  -
 239    2018-02-09 20:40     ?  -
 240    2018-02-09 20:50    29  **********
 241    2018-02-09 21:00    31  ************
 242    2018-02-09 21:10    32  *************
 243    2018-02-09 21:20     ?  -
 244    2018-02-09 21:30    19  -
 245    2018-02-09 21:40    24  *****
 246    2018-02-09 21:50    28  *********
 ...    ..(  3 skipped).    ..  *********
 250    2018-02-09 22:30    28  *********
 251    2018-02-09 22:40    27  ********
 252    2018-02-09 22:50    27  ********
 253    2018-02-09 23:00    27  ********
 254    2018-02-09 23:10     ?  -
 255    2018-02-09 23:20     ?  -
 256    2018-02-09 23:30    32  *************
 257    2018-02-09 23:40    36  *****************
 258    2018-02-09 23:50    35  ****************
 259    2018-02-10 00:00    35  ****************
 260    2018-02-10 00:10    37  ******************
 261    2018-02-10 00:20    38  *******************
 262    2018-02-10 00:30     ?  -
 263    2018-02-10 00:40    39  ********************
 264    2018-02-10 00:50    39  ********************
 265    2018-02-10 01:00    35  ****************
 266    2018-02-10 01:10    35  ****************
 267    2018-02-10 01:20    34  ***************
 268    2018-02-10 01:30     ?  -
 269    2018-02-10 01:40     ?  -
 270    2018-02-10 01:50    27  ********
 271    2018-02-10 02:00    29  **********
 272    2018-02-10 02:10    32  *************
 273    2018-02-10 02:20    33  **************
 274    2018-02-10 02:30    32  *************
 275    2018-02-10 02:40    33  **************
 276    2018-02-10 02:50    32  *************
 277    2018-02-10 03:00     ?  -
 278    2018-02-10 03:10    33  **************
 ...    ..(  3 skipped).    ..  **************
 282    2018-02-10 03:50    33  **************
 283    2018-02-10 04:00    32  *************
 284    2018-02-10 04:10    32  *************
 285    2018-02-10 04:20    32  *************
 286    2018-02-10 04:30    33  **************
 287    2018-02-10 04:40    35  ****************
 288    2018-02-10 04:50    34  ***************
 289    2018-02-10 05:00    32  *************
 290    2018-02-10 05:10    33  **************
 291    2018-02-10 05:20    33  **************
 292    2018-02-10 05:30     ?  -
 293    2018-02-10 05:40    24  *****
 294    2018-02-10 05:50     ?  -
 295    2018-02-10 06:00    27  ********
 296    2018-02-10 06:10    31  ************
 297    2018-02-10 06:20    32  *************
 298    2018-02-10 06:30    32  *************
 299    2018-02-10 06:40    33  **************
 300    2018-02-10 06:50    34  ***************
 301    2018-02-10 07:00    34  ***************
 302    2018-02-10 07:10    35  ****************
 303    2018-02-10 07:20    35  ****************
 304    2018-02-10 07:30    35  ****************
 305    2018-02-10 07:40    36  *****************
 306    2018-02-10 07:50    35  ****************
 307    2018-02-10 08:00    36  *****************
 308    2018-02-10 08:10    35  ****************
 309    2018-02-10 08:20    35  ****************
 310    2018-02-10 08:30    35  ****************
 311    2018-02-10 08:40    36  *****************
 ...    ..(  4 skipped).    ..  *****************
 316    2018-02-10 09:30    36  *****************
 317    2018-02-10 09:40     ?  -
 318    2018-02-10 09:50    36  *****************
 319    2018-02-10 10:00    35  ****************
 320    2018-02-10 10:10    35  ****************
 321    2018-02-10 10:20     ?  -
 322    2018-02-10 10:30    36  *****************
 323    2018-02-10 10:40    35  ****************
 324    2018-02-10 10:50    35  ****************
 325    2018-02-10 11:00    36  *****************
 ...    ..(  4 skipped).    ..  *****************
 330    2018-02-10 11:50    36  *****************
 331    2018-02-10 12:00     ?  -
 332    2018-02-10 12:10    36  *****************
 333    2018-02-10 12:20    36  *****************
 334    2018-02-10 12:30    36  *****************
 335    2018-02-10 12:40     ?  -
 336    2018-02-10 12:50    28  *********
 337    2018-02-10 13:00    33  **************
 338    2018-02-10 13:10     ?  -
 339    2018-02-10 13:20    27  ********
 340    2018-02-10 13:30     ?  -
 341    2018-02-10 13:40    33  **************

SCT Error Recovery Control command not supported

Device Statistics (GP Log 0x04)
Page  Offset Size        Value Flags Description
0x01  =====  =               =  ===  == General Statistics (rev 2) ==
0x01  0x008  4             886  ---  Lifetime Power-On Resets
0x01  0x010  4            5056  ---  Power-on Hours
0x01  0x018  6     10199635148  ---  Logical Sectors Written
0x01  0x028  6     13102582610  ---  Logical Sectors Read
0x04  =====  =               =  ===  == General Errors Statistics (rev 1) ==
0x04  0x008  4            1015  ---  Number of Reported Uncorrectable Errors
0x04  0x010  4               0  ---  Resets Between Cmd Acceptance and Completion
0x05  =====  =               =  ===  == Temperature Statistics (rev 1) ==
0x05  0x008  1              37  ---  Current Temperature
0x05  0x010  1              31  ---  Average Short Term Temperature
0x05  0x018  1              33  ---  Average Long Term Temperature
0x05  0x020  1              72  ---  Highest Temperature
0x05  0x028  1              10  ---  Lowest Temperature
0x05  0x030  1              37  ---  Highest Average Short Term Temperature
0x05  0x038  1              22  ---  Lowest Average Short Term Temperature
0x05  0x040  1              33  ---  Highest Average Long Term Temperature
0x05  0x048  1              26  ---  Lowest Average Long Term Temperature
0x05  0x050  4              10  ---  Time in Over-Temperature
0x05  0x058  1              70  ---  Specified Maximum Operating Temperature
0x05  0x060  4               0  ---  Time in Under-Temperature
0x05  0x068  1               0  ---  Specified Minimum Operating Temperature
0x06  =====  =               =  ===  == Transport Statistics (rev 1) ==
0x06  0x008  4              33  ---  Number of Hardware Resets
0x06  0x010  4            1755  ---  Number of ASR Events
0x06  0x018  4               0  ---  Number of Interface CRC Errors
0x07  =====  =               =  ===  == Solid State Device Statistics (rev 1) ==
0x07  0x008  1               3  ---  Percentage Used Endurance Indicator
                                |||_ C monitored condition met
                                ||__ D supports DSN
                                |___ N normalized value

Pending Defects log (GP Log 0x0c) not supported

SATA Phy Event Counters (GP Log 0x11)
ID      Size     Value  Description
0x0001  2            0  Command failed due to ICRC error
0x0003  2            0  R_ERR response for device-to-host data FIS
0x0004  2            0  R_ERR response for host-to-device data FIS
0x0006  2            0  R_ERR response for device-to-host non-data FIS
0x0007  2            0  R_ERR response for host-to-device non-data FIS
0x0008  2            0  Device-to-host non-data FIS retries
0x0009  2            3  Transition from drive PhyRdy to drive PhyNRdy
0x000a  2            4  Device-to-host register FISes sent due to a COMRESET
0x000f  2            0  R_ERR response for host-to-device data FIS, CRC
0x0010  2            0  R_ERR response for host-to-device data FIS, non-CRC
0x0012  2            0  R_ERR response for host-to-device non-data FIS, CRC
0x0013  2            0  R_ERR response for host-to-device non-data FIS, non-CRC
0x0002  2            0  R_ERR response for data FIS
0x0005  2            0  R_ERR response for non-data FIS
0x000b  2            0  CRC errors within host-to-device FIS
0x000d  2            0  Non-CRC errors within host-to-device FIS

