smartctl 6.6 2017-11-05 r4594 [x86_64-w64-mingw32-win7-sp1] (sf-6.6-1)
Copyright (C) 2002-17, Bruce Allen, Christian Franke, www.smartmontools.org

=== START OF INFORMATION SECTION ===
Model Family:     Western Digital Green
Device Model:     WDC WD20EARX-00PASB0
Serial Number:    WD-WMAZA8574427
LU WWN Device Id: 5 0014ee 206da1e7b
Firmware Version: 51.0AB51
User Capacity:    2,000,398,934,016 bytes [2.00 TB]
Sector Sizes:     512 bytes logical, 4096 bytes physical
Device is:        In smartctl database [for details use: -P show]
ATA Version is:   ATA8-ACS (minor revision not indicated)
SATA Version is:  SATA 3.0, 6.0 Gb/s (current: 3.0 Gb/s)
Local Time is:    Sat Feb 10 14:27:16 2018 EST
SMART support is: Available - device has SMART capability.
SMART support is: Enabled
AAM feature is:   Unavailable
APM feature is:   Unavailable
Rd look-ahead is: Enabled
Write cache is:   Enabled
DSN feature is:   Unavailable
ATA Security is:  Disabled, NOT FROZEN [SEC1]
Wt Cache Reorder: Unknown

=== START OF READ SMART DATA SECTION ===
SMART Status not supported: Incomplete response, ATA output registers missing
SMART overall-health self-assessment test result: PASSED
Warning: This result is based on an Attribute check.

General SMART Values:
Offline data collection status:  (0x82)	Offline data collection activity
					was completed without error.
					Auto Offline Data Collection: Enabled.
Self-test execution status:      (   0)	The previous self-test routine completed
					without error or no self-test has ever 
					been run.
Total time to complete Offline 
data collection: 		(40860) seconds.
Offline data collection
capabilities: 			 (0x7b) SMART execute Offline immediate.
					Auto Offline data collection on/off support.
					Suspend Offline collection upon new
					command.
					Offline surface scan supported.
					Self-test supported.
					Conveyance Self-test supported.
					Selective Self-test supported.
SMART capabilities:            (0x0003)	Saves SMART data before entering
					power-saving mode.
					Supports SMART auto save timer.
Error logging capability:        (0x01)	Error logging supported.
					General Purpose Logging supported.
Short self-test routine 
recommended polling time: 	 (   2) minutes.
Extended self-test routine
recommended polling time: 	 ( 394) minutes.
Conveyance self-test routine
recommended polling time: 	 (   5) minutes.
SCT capabilities: 	       (0x3035)	SCT Status supported.
					SCT Feature Control supported.
					SCT Data Table supported.

SMART Attributes Data Structure revision number: 16
Vendor Specific SMART Attributes with Thresholds:
ID# ATTRIBUTE_NAME          FLAGS    VALUE WORST THRESH FAIL RAW_VALUE
  1 Raw_Read_Error_Rate     POSR-K   200   200   051    -    0
  3 Spin_Up_Time            POS--K   164   162   021    -    6758
  4 Start_Stop_Count        -O--CK   099   099   000    -    1471
  5 Reallocated_Sector_Ct   PO--CK   200   200   140    -    0
  7 Seek_Error_Rate         -OSR-K   200   200   000    -    0
  9 Power_On_Hours          -O--CK   099   099   000    -    768
 10 Spin_Retry_Count        -O--CK   100   100   000    -    0
 11 Calibration_Retry_Count -O--CK   100   100   000    -    0
 12 Power_Cycle_Count       -O--CK   099   099   000    -    1469
192 Power-Off_Retract_Count -O--CK   200   200   000    -    62
193 Load_Cycle_Count        -O--CK   199   199   000    -    4152
194 Temperature_Celsius     -O---K   128   103   000    -    22
196 Reallocated_Event_Count -O--CK   200   200   000    -    0
197 Current_Pending_Sector  -O--CK   200   200   000    -    0
198 Offline_Uncorrectable   ----CK   200   200   000    -    0
199 UDMA_CRC_Error_Count    -O--CK   200   200   000    -    0
200 Multi_Zone_Error_Rate   ---R--   200   200   000    -    0
                            ||||||_ K auto-keep
                            |||||__ C event count
                            ||||___ R error rate
                            |||____ S speed/performance
                            ||_____ O updated online
                            |______ P prefailure warning

General Purpose Log Directory Version 1
SMART           Log Directory Version 1 [multi-sector log support]
Address    Access  R/W   Size  Description
0x00       GPL,SL  R/O      1  Log Directory
0x01           SL  R/O      1  Summary SMART error log
0x02           SL  R/O      5  Comprehensive SMART error log
0x03       GPL     R/O      6  Ext. Comprehensive SMART error log
0x06           SL  R/O      1  SMART self-test log
0x07       GPL     R/O      1  Extended self-test log
0x09           SL  R/W      1  Selective self-test log
0x10       GPL     R/O      1  NCQ Command Error log
0x11       GPL     R/O      1  SATA Phy Event Counters log
0x80-0x9f  GPL,SL  R/W     16  Host vendor specific log
0xa0-0xa7  GPL,SL  VS      16  Device vendor specific log
0xa8-0xb7  GPL,SL  VS       1  Device vendor specific log
0xbd       GPL,SL  VS       1  Device vendor specific log
0xc0       GPL,SL  VS       1  Device vendor specific log
0xc1       GPL     VS      93  Device vendor specific log
0xe0       GPL,SL  R/W      1  SCT Command/Status
0xe1       GPL,SL  R/W      1  SCT Data Transfer

SMART Extended Comprehensive Error Log Version: 1 (6 sectors)
No Errors Logged

SMART Extended Self-test Log Version: 1 (1 sectors)
No self-tests have been logged.  [To run self-tests, use: smartctl -t]

SMART Selective self-test log data structure revision number 1
 SPAN  MIN_LBA  MAX_LBA  CURRENT_TEST_STATUS
    1        0        0  Not_testing
    2        0        0  Not_testing
    3        0        0  Not_testing
    4        0        0  Not_testing
    5        0        0  Not_testing
Selective self-test flags (0x0):
  After scanning selected spans, do NOT read-scan remainder of disk.
If Selective self-test is pending on power-up, resume after 0 minute delay.

SCT Status Version:                  3
SCT Version (vendor specific):       258 (0x0102)
SCT Support Level:                   1
Device State:                        Active (0)
Current Temperature:                    22 Celsius
Power Cycle Min/Max Temperature:     22/22 Celsius
Lifetime    Min/Max Temperature:     19/47 Celsius
Under/Over Temperature Limit Count:   0/0

SCT Temperature History Version:     2
Temperature Sampling Period:         1 minute
Temperature Logging Interval:        1 minute
Min/Max recommended Temperature:      0/60 Celsius
Min/Max Temperature Limit:           -41/85 Celsius
Temperature History Size (Index):    478 (268)

Index    Estimated Time   Temperature Celsius
 269    2018-02-10 06:30    32  *************
 270    2018-02-10 06:31    32  *************
 271    2018-02-10 06:32    32  *************
 272    2018-02-10 06:33    33  **************
 273    2018-02-10 06:34     ?  -
 274    2018-02-10 06:35    30  ***********
 275    2018-02-10 06:36    29  **********
 ...    ..(  4 skipped).    ..  **********
 280    2018-02-10 06:41    29  **********
 281    2018-02-10 06:42    30  ***********
 ...    ..(  2 skipped).    ..  ***********
 284    2018-02-10 06:45    30  ***********
 285    2018-02-10 06:46    31  ************
 ...    ..(  3 skipped).    ..  ************
 289    2018-02-10 06:50    31  ************
 290    2018-02-10 06:51    32  *************
 ...    ..( 11 skipped).    ..  *************
 302    2018-02-10 07:03    32  *************
 303    2018-02-10 07:04    33  **************
 ...    ..(  2 skipped).    ..  **************
 306    2018-02-10 07:07    33  **************
 307    2018-02-10 07:08     ?  -
 308    2018-02-10 07:09    27  ********
 309    2018-02-10 07:10    26  *******
 ...    ..(  2 skipped).    ..  *******
 312    2018-02-10 07:13    26  *******
 313    2018-02-10 07:14    27  ********
 314    2018-02-10 07:15    27  ********
 315    2018-02-10 07:16    27  ********
 316    2018-02-10 07:17    28  *********
 317    2018-02-10 07:18    28  *********
 318    2018-02-10 07:19    29  **********
 ...    ..(  6 skipped).    ..  **********
 325    2018-02-10 07:26    29  **********
 326    2018-02-10 07:27    30  ***********
 ...    ..(  2 skipped).    ..  ***********
 329    2018-02-10 07:30    30  ***********
 330    2018-02-10 07:31    31  ************
 ...    ..(  3 skipped).    ..  ************
 334    2018-02-10 07:35    31  ************
 335    2018-02-10 07:36    32  *************
 ...    ..(  3 skipped).    ..  *************
 339    2018-02-10 07:40    32  *************
 340    2018-02-10 07:41     ?  -
 341    2018-02-10 07:42    27  ********
 342    2018-02-10 07:43     ?  -
 343    2018-02-10 07:44    23  ****
 ...    ..(  4 skipped).    ..  ****
 348    2018-02-10 07:49    23  ****
 349    2018-02-10 07:50    24  *****
 350    2018-02-10 07:51    24  *****
 351    2018-02-10 07:52    25  ******
 ...    ..(  4 skipped).    ..  ******
 356    2018-02-10 07:57    25  ******
 357    2018-02-10 07:58    26  *******
 ...    ..(  6 skipped).    ..  *******
 364    2018-02-10 08:05    26  *******
 365    2018-02-10 08:06    27  ********
 366    2018-02-10 08:07    27  ********
 367    2018-02-10 08:08    27  ********
 368    2018-02-10 08:09    28  *********
 ...    ..(  2 skipped).    ..  *********
 371    2018-02-10 08:12    28  *********
 372    2018-02-10 08:13    29  **********
 ...    ..(  7 skipped).    ..  **********
 380    2018-02-10 08:21    29  **********
 381    2018-02-10 08:22     ?  -
 382    2018-02-10 08:23    27  ********
 383    2018-02-10 08:24    26  *******
 384    2018-02-10 08:25    26  *******
 385    2018-02-10 08:26    26  *******
 386    2018-02-10 08:27    27  ********
 387    2018-02-10 08:28    27  ********
 388    2018-02-10 08:29    27  ********
 389    2018-02-10 08:30    28  *********
 390    2018-02-10 08:31    28  *********
 391    2018-02-10 08:32    28  *********
 392    2018-02-10 08:33    29  **********
 ...    ..(  5 skipped).    ..  **********
 398    2018-02-10 08:39    29  **********
 399    2018-02-10 08:40    30  ***********
 ...    ..(  2 skipped).    ..  ***********
 402    2018-02-10 08:43    30  ***********
 403    2018-02-10 08:44    31  ************
 ...    ..(  4 skipped).    ..  ************
 408    2018-02-10 08:49    31  ************
 409    2018-02-10 08:50    32  *************
 ...    ..(  3 skipped).    ..  *************
 413    2018-02-10 08:54    32  *************
 414    2018-02-10 08:55     ?  -
 415    2018-02-10 08:56    27  ********
 416    2018-02-10 08:57    26  *******
 ...    ..(  4 skipped).    ..  *******
 421    2018-02-10 09:02    26  *******
 422    2018-02-10 09:03    27  ********
 423    2018-02-10 09:04    27  ********
 424    2018-02-10 09:05    27  ********
 425    2018-02-10 09:06    28  *********
 ...    ..(  2 skipped).    ..  *********
 428    2018-02-10 09:09    28  *********
 429    2018-02-10 09:10    29  **********
 ...    ..(  7 skipped).    ..  **********
 437    2018-02-10 09:18    29  **********
 438    2018-02-10 09:19    30  ***********
 ...    ..(  3 skipped).    ..  ***********
 442    2018-02-10 09:23    30  ***********
 443    2018-02-10 09:24    31  ************
 ...    ..(  6 skipped).    ..  ************
 450    2018-02-10 09:31    31  ************
 451    2018-02-10 09:32    32  *************
 ...    ..( 25 skipped).    ..  *************
 477    2018-02-10 09:58    32  *************
   0    2018-02-10 09:59     ?  -
   1    2018-02-10 10:00    26  *******
   2    2018-02-10 10:01    25  ******
 ...    ..(  2 skipped).    ..  ******
   5    2018-02-10 10:04    25  ******
   6    2018-02-10 10:05    26  *******
 ...    ..(  3 skipped).    ..  *******
  10    2018-02-10 10:09    26  *******
  11    2018-02-10 10:10    27  ********
  12    2018-02-10 10:11    27  ********
  13    2018-02-10 10:12    27  ********
  14    2018-02-10 10:13    28  *********
  15    2018-02-10 10:14    28  *********
  16    2018-02-10 10:15    28  *********
  17    2018-02-10 10:16    29  **********
 ...    ..(  6 skipped).    ..  **********
  24    2018-02-10 10:23    29  **********
  25    2018-02-10 10:24    30  ***********
 ...    ..(  3 skipped).    ..  ***********
  29    2018-02-10 10:28    30  ***********
  30    2018-02-10 10:29    31  ************
  31    2018-02-10 10:30    31  ************
  32    2018-02-10 10:31    31  ************
  33    2018-02-10 10:32     ?  -
  34    2018-02-10 10:33    30  ***********
  35    2018-02-10 10:34     ?  -
  36    2018-02-10 10:35    22  ***
  37    2018-02-10 10:36    22  ***
  38    2018-02-10 10:37    21  **
  39    2018-02-10 10:38    21  **
  40    2018-02-10 10:39    22  ***
 ...    ..(  3 skipped).    ..  ***
  44    2018-02-10 10:43    22  ***
  45    2018-02-10 10:44    23  ****
  46    2018-02-10 10:45    23  ****
  47    2018-02-10 10:46    23  ****
  48    2018-02-10 10:47    24  *****
  49    2018-02-10 10:48    24  *****
  50    2018-02-10 10:49    24  *****
  51    2018-02-10 10:50    25  ******
 ...    ..(  5 skipped).    ..  ******
  57    2018-02-10 10:56    25  ******
  58    2018-02-10 10:57    26  *******
 ...    ..(  6 skipped).    ..  *******
  65    2018-02-10 11:04    26  *******
  66    2018-02-10 11:05    27  ********
 ...    ..(  2 skipped).    ..  ********
  69    2018-02-10 11:08    27  ********
  70    2018-02-10 11:09    28  *********
 ...    ..(  3 skipped).    ..  *********
  74    2018-02-10 11:13    28  *********
  75    2018-02-10 11:14    29  **********
 ...    ..(  8 skipped).    ..  **********
  84    2018-02-10 11:23    29  **********
  85    2018-02-10 11:24    30  ***********
 ...    ..(  4 skipped).    ..  ***********
  90    2018-02-10 11:29    30  ***********
  91    2018-02-10 11:30    31  ************
 ...    ..(  5 skipped).    ..  ************
  97    2018-02-10 11:36    31  ************
  98    2018-02-10 11:37    32  *************
 ...    ..(  4 skipped).    ..  *************
 103    2018-02-10 11:42    32  *************
 104    2018-02-10 11:43     ?  -
 105    2018-02-10 11:44    31  ************
 106    2018-02-10 11:45    30  ***********
 107    2018-02-10 11:46    31  ************
 ...    ..(  3 skipped).    ..  ************
 111    2018-02-10 11:50    31  ************
 112    2018-02-10 11:51    32  *************
 113    2018-02-10 11:52    32  *************
 114    2018-02-10 11:53    33  **************
 115    2018-02-10 11:54    33  **************
 116    2018-02-10 11:55    33  **************
 117    2018-02-10 11:56    34  ***************
 118    2018-02-10 11:57    34  ***************
 119    2018-02-10 11:58    35  ****************
 ...    ..(  2 skipped).    ..  ****************
 122    2018-02-10 12:01    35  ****************
 123    2018-02-10 12:02    36  *****************
 ...    ..( 32 skipped).    ..  *****************
 156    2018-02-10 12:35    36  *****************
 157    2018-02-10 12:36     ?  -
 158    2018-02-10 12:37    34  ***************
 159    2018-02-10 12:38     ?  -
 160    2018-02-10 12:39    23  ****
 ...    ..(  2 skipped).    ..  ****
 163    2018-02-10 12:42    23  ****
 164    2018-02-10 12:43    24  *****
 165    2018-02-10 12:44    25  ******
 ...    ..(  6 skipped).    ..  ******
 172    2018-02-10 12:51    25  ******
 173    2018-02-10 12:52    26  *******
 ...    ..(  4 skipped).    ..  *******
 178    2018-02-10 12:57    26  *******
 179    2018-02-10 12:58    27  ********
 ...    ..(  2 skipped).    ..  ********
 182    2018-02-10 13:01    27  ********
 183    2018-02-10 13:02    28  *********
 ...    ..(  2 skipped).    ..  *********
 186    2018-02-10 13:05    28  *********
 187    2018-02-10 13:06    29  **********
 ...    ..(  9 skipped).    ..  **********
 197    2018-02-10 13:16    29  **********
 198    2018-02-10 13:17     ?  -
 199    2018-02-10 13:18    26  *******
 ...    ..(  6 skipped).    ..  *******
 206    2018-02-10 13:25    26  *******
 207    2018-02-10 13:26    27  ********
 208    2018-02-10 13:27    27  ********
 209    2018-02-10 13:28    27  ********
 210    2018-02-10 13:29    28  *********
 211    2018-02-10 13:30    28  *********
 212    2018-02-10 13:31    28  *********
 213    2018-02-10 13:32    29  **********
 ...    ..(  6 skipped).    ..  **********
 220    2018-02-10 13:39    29  **********
 221    2018-02-10 13:40    30  ***********
 ...    ..(  3 skipped).    ..  ***********
 225    2018-02-10 13:44    30  ***********
 226    2018-02-10 13:45    31  ************
 ...    ..(  3 skipped).    ..  ************
 230    2018-02-10 13:49    31  ************
 231    2018-02-10 13:50     ?  -
 232    2018-02-10 13:51    27  ********
 233    2018-02-10 13:52    26  *******
 ...    ..(  4 skipped).    ..  *******
 238    2018-02-10 13:57    26  *******
 239    2018-02-10 13:58    27  ********
 240    2018-02-10 13:59    27  ********
 241    2018-02-10 14:00    27  ********
 242    2018-02-10 14:01    28  *********
 243    2018-02-10 14:02    28  *********
 244    2018-02-10 14:03    28  *********
 245    2018-02-10 14:04    29  **********
 ...    ..(  6 skipped).    ..  **********
 252    2018-02-10 14:11    29  **********
 253    2018-02-10 14:12    30  ***********
 ...    ..(  3 skipped).    ..  ***********
 257    2018-02-10 14:16    30  ***********
 258    2018-02-10 14:17    31  ************
 ...    ..(  3 skipped).    ..  ************
 262    2018-02-10 14:21    31  ************
 263    2018-02-10 14:22    32  *************
 264    2018-02-10 14:23     ?  -
 265    2018-02-10 14:24    22  ***
 ...    ..(  2 skipped).    ..  ***
 268    2018-02-10 14:27    22  ***

SCT Error Recovery Control command not supported

Device Statistics (GP/SMART Log 0x04) not supported

Pending Defects log (GP Log 0x0c) not supported

SATA Phy Event Counters (GP Log 0x11)
ID      Size     Value  Description
0x0001  2            0  Command failed due to ICRC error
0x0002  2            0  R_ERR response for data FIS
0x0003  2            0  R_ERR response for device-to-host data FIS
0x0004  2            0  R_ERR response for host-to-device data FIS
0x0005  2            0  R_ERR response for non-data FIS
0x0006  2            0  R_ERR response for device-to-host non-data FIS
0x0007  2            0  R_ERR response for host-to-device non-data FIS
0x000a  2            1  Device-to-host register FISes sent due to a COMRESET
0x000b  2            0  CRC errors within host-to-device FIS
0x8000  4          185  Vendor specific

